// Jest Snapshot v1, https://goo.gl/fbAQLP

exports[`Upload page should run example code 1`] = `[MockFunction]`;
