// Jest Snapshot v1, https://goo.gl/fbAQLP

exports[`Video page should run example code 1`] = `[MockFunction]`;
